23:46:56 **** Build of configuration gcc-release for project veins ****
make MODE=release -j12 all 
make[1]: Entering directory '/b/Omnet/vPQC-omn603/veinspqcsim/veins/src'
MSGC: veins/common.msg
MSGC: veins/base/messages/AirFrame.msg
MSGC: veins/base/messages/BorderMsg.msg
MSGC: veins/base/messages/MacPkt.msg
MSGC: veins/base/toolbox/Signal.msg
MSGC: veins/base/utils/SimpleAddress.msg
MSGC: veins/modules/application/traci/TraCIDemo11pMessage.msg
MSGC: veins/base/utils/POA.msg
MSGC: veins/base/utils/Coord.msg
MSGC: veins/modules/messages/AckTimeOutMessage.msg
MSGC: veins/modules/messages/AirFrame11p.msg
MSGC: veins/modules/messages/BaseFrame1609_4.msg
MSGC: veins/modules/messages/DemoSafetyMessage.msg
MSGC: veins/modules/messages/DemoServiceAdvertisement.msg
MSGC: veins/modules/messages/Mac80211Ack.msg
MSGC: veins/modules/messages/Mac80211Pkt.msg
MSGC: veins/modules/messages/PhyControlMessage.msg
MSGC: veins/modules/messages/TraCITrafficLightMessage.msg
veins/base/connectionManager/BaseConnectionManager.cc
veins/base/connectionManager/ChannelAccess.cc
veins/base/connectionManager/ConnectionManager.cc
veins/base/connectionManager/NicEntryDebug.cc
veins/base/modules/BaseApplLayer.cc
veins/base/connectionManager/NicEntryDirect.cc
veins/base/modules/BaseWorldUtility.cc
veins/base/modules/BaseBattery.cc
veins/base/modules/BaseLayer.cc
veins/base/modules/BaseMacLayer.cc
veins/base/modules/BaseMobility.cc
veins/base/modules/BaseModule.cc
veins/base/phyLayer/Antenna.cc
veins/base/modules/BatteryAccess.cc
veins/base/phyLayer/BaseDecider.cc
veins/base/phyLayer/BasePhyLayer.cc
veins/base/phyLayer/ChannelInfo.cc
veins/base/phyLayer/Decider.cc
veins/base/phyLayer/PhyUtils.cc
veins/base/toolbox/Signal.cc
veins/base/utils/Coord.cc
veins/base/toolbox/SignalUtils.cc
veins/base/toolbox/Spectrum.cc
veins/base/utils/Heading.cc
veins/base/utils/NedFunctions.cc
veins/base/utils/NetwToMacControlInfo.cc
veins/base/utils/SimpleAddress.cc
veins/base/utils/winsupport.cc
veins/modules/analogueModel/BreakpointPathlossModel.cc
veins/modules/analogueModel/NakagamiFading.cc
veins/modules/analogueModel/PERModel.cc
veins/modules/analogueModel/SimpleObstacleShadowing.cc
veins/modules/analogueModel/SimplePathlossModel.cc
veins/modules/analogueModel/TwoRayInterferenceModel.cc
veins/modules/analogueModel/VehicleObstacleShadowing.cc
veins/modules/application/ieee80211p/DemoBaseApplLayer.cc
veins/modules/application/traci/MyVeinsApp.cc
veins/modules/application/traci/TraCIDemo11p.cc
veins/modules/application/traci/TraCIDemoRSU11p.cc
veins/modules/mac/ieee80211p/Mac1609_4.cc
veins/modules/mobility/LinearMobility.cc
veins/modules/mobility/traci/TraCIBuffer.cc
veins/modules/mobility/traci/TraCIColor.cc
veins/modules/mobility/traci/TraCICommandInterface.cc
veins/modules/mobility/traci/TraCIConnection.cc
veins/modules/mobility/traci/TraCICoordinateTransformation.cc
veins/modules/mobility/traci/TraCILauncher.cc
veins/modules/mobility/traci/TraCIMobility.cc
veins/modules/mobility/traci/TraCIRegionOfInterest.cc
veins/modules/mobility/traci/TraCIScenarioManagerForker.cc
veins/modules/mobility/traci/TraCIScenarioManager.cc
veins/modules/mobility/traci/TraCIScenarioManagerLaunchd.cc
veins/modules/mobility/traci/TraCIScreenRecorder.cc
veins/modules/mobility/traci/TraCIVehicleInserter.cc
veins/modules/obstacle/MobileHostObstacle.cc
veins/modules/obstacle/Obstacle.cc
veins/modules/obstacle/ObstacleControl.cc
veins/modules/obstacle/VehicleObstacleControl.cc
veins/modules/phy/Decider80211p.cc
veins/modules/phy/NistErrorRate.cc
veins/modules/phy/PhyLayer80211p.cc
veins/modules/phy/SampledAntenna1D.cc
veins/modules/utility/BBoxLookup.cc
veins/modules/utility/HasLogProxy.cc
veins/modules/utility/TimerManager.cc
veins/modules/world/annotations/AnnotationDummy.cc
veins/modules/world/annotations/AnnotationManager.cc
veins/modules/world/traci/trafficLight/TraCITrafficLightInterface.cc
veins/modules/world/traci/trafficLight/TraCITrafficLightProgram.cc
veins/modules/world/traci/trafficLight/logics/TraCITrafficLightAbstractLogic.cc
veins/modules/world/traci/trafficLight/logics/TraCITrafficLightSimpleLogic.cc
veins/visualizer/roads/RoadsCanvasVisualizer.cc
veins/visualizer/roads/RoadsOsgVisualizer.cc
veins/common_m.cc
veins/base/messages/AirFrame_m.cc
veins/base/messages/BorderMsg_m.cc
veins/base/messages/MacPkt_m.cc
veins/base/toolbox/Signal_m.cc
veins/base/utils/Coord_m.cc
veins/base/utils/POA_m.cc
veins/base/utils/SimpleAddress_m.cc
veins/modules/application/traci/TraCIDemo11pMessage_m.cc
veins/modules/messages/AckTimeOutMessage_m.cc
veins/modules/messages/AirFrame11p_m.cc
veins/modules/messages/BaseFrame1609_4_m.cc
veins/modules/messages/DemoServiceAdvertisement_m.cc
veins/modules/messages/DemoSafetyMessage_m.cc
veins/modules/messages/Mac80211Ack_m.cc
veins/modules/messages/Mac80211Pkt_m.cc
veins/modules/messages/PhyControlMessage_m.cc
veins/modules/messages/TraCITrafficLightMessage_m.cc
Creating shared library: ../out/clang-release/src/libveins.dll
make[1]: Leaving directory '/b/Omnet/vPQC-omn603/veinspqcsim/veins/src'
23:47:27 **** Build of configuration release for project veinspqcsim ****
make MODE=release -j12 all 
make[1]: Entering directory '/b/Omnet/vPQC-omn603/veinspqcsim/veinspqcsim/src'
MSGC: veinspqcsim/ApplicationLayerMessage_hqc_mldsa.msg
MSGC: veinspqcsim/ApplicationLayerMessage_hqc_slhdsa.msg
MSGC: veinspqcsim/ApplicationLayerMessage_mlkem_slhdsa.msg
MSGC: veinspqcsim/ApplicationLayerMessage_mlkem_mldsa.msg
MSGC: veinspqcsim/RSUKemPubKeyAnnouncement_hqc_mldsa.msg
MSGC: veinspqcsim/RSUKemPubKeyAnnouncement_mlkem_mldsa.msg
MSGC: veinspqcsim/RSUKemPubKeyAnnouncement_hqc_slhdsa.msg
MSGC: veinspqcsim/RSUKemPubKeyAnnouncement_mlkem_slhdsa.msg
veinspqcsim/PQCBaseApplLayer_hqc_mldsa.cc
veinspqcsim/PQCBaseApplLayer_hqc_slhdsa.cc
veinspqcsim/PQCMessageWrapper_hqc_mldsa.cc
veinspqcsim/PQCBaseApplLayer_mlkem_mldsa.cc
veinspqcsim/PQCBaseApplLayer_mlkem_slhdsa.cc
veinspqcsim/PQCRSU_hqc_slhdsa.cc
veinspqcsim/PQCRSU_mlkem_slhdsa.cc
veinspqcsim/PQCMessageWrapper_hqc_slhdsa.cc
veinspqcsim/PQCMessageWrapper_mlkem_mldsa.cc
veinspqcsim/PQCMessageWrapper_mlkem_slhdsa.cc
veinspqcsim/PQCRSU_hqc_mldsa.cc
veinspqcsim/PQCRSU_mlkem_mldsa.cc
In file included from veinspqcsim/PQCBaseApplLayer_hqc_mldsa.cc:9:
In file included from veinspqcsim/PQCBaseApplLayer_hqc_mldsa.h:14:
In file included from ../../veins/src/veins/modules/application/ieee80211p/DemoBaseApplLayer.h:30:
In file included from ../../veins/src/veins/modules/messages/DemoServiceAdvertisement_m.h:37:
In file included from ../../veins/src/veins/base/utils/Coord_m.h:39:
../../veins/src/veins/base/utils/Coord.h:337:27: warning: 'veins::Coord::info' redeclared inline; 'dllimport' attribute ignored [-Wignored-attributes]
inline std::string Coord::info() const
                          ^
In file included from veinspqcsim/PQCRSU_mlkem_mldsa.cc:7:
In file included from veinspqcsim/PQCRSU_mlkem_mldsa.h:10:
In file included from ../../veins/src/veins/modules/application/ieee80211p/DemoBaseApplLayer.h:30:
In file included from ../../veins/src/veins/modules/messages/DemoServiceAdvertisement_m.h:37:
In file included from ../../veins/src/veins/base/utils/Coord_m.h:39:
../../veins/src/veins/base/utils/Coord.h:337:27: warning: 'veins::Coord::info' redeclared inline; 'dllimport' attribute ignored [-Wignored-attributes]
inline std::string Coord::info() const
                          ^
In file included from veinspqcsim/PQCBaseApplLayer_hqc_slhdsa.cc:9:
In file included from veinspqcsim/PQCBaseApplLayer_hqc_slhdsa.h:11:
In file included from ../../veins/src/veins/modules/application/ieee80211p/DemoBaseApplLayer.h:30:
In file included from ../../veins/src/veins/modules/messages/DemoServiceAdvertisement_m.h:37:
In file included from ../../veins/src/veins/base/utils/Coord_m.h:39:
../../veins/src/veins/base/utils/Coord.h:337:27: warning: 'veins::Coord::info' redeclared inline; 'dllimport' attribute ignored [-Wignored-attributes]
inline std::string Coord::info() const
                          ^
In file included from veinspqcsim/PQCMessageWrapper_hqc_mldsa.cc:31:
In file included from veinspqcsim/PQCMessageWrapper_hqc_mldsa.h:27:
In file included from veinspqcsim/ApplicationLayerMessage_hqc_mldsa_m.h:37:
In file included from ../../veins/src/veins/base/utils/Coord_m.h:39:
../../veins/src/veins/base/utils/Coord.h:337:27: warning: 'veins::Coord::info' redeclared inline; 'dllimport' attribute ignored [-Wignored-attributes]
inline std::string Coord::info() const
                          ^
In file included from veinspqcsim/PQCBaseApplLayer_mlkem_mldsa.cc:13:
In file included from veinspqcsim/PQCBaseApplLayer_mlkem_mldsa.h:11:
In file included from ../../veins/src/veins/modules/application/ieee80211p/DemoBaseApplLayer.h:30:
In file included from ../../veins/src/veins/modules/messages/DemoServiceAdvertisement_m.h:37:
In file included from ../../veins/src/veins/base/utils/Coord_m.h:39:
../../veins/src/veins/base/utils/Coord.h:337:27: warning: 'veins::Coord::info' redeclared inline; 'dllimport' attribute ignored [-Wignored-attributes]
inline std::string Coord::info() const
                          ^
1 warning generated.
In file included from veinspqcsim/PQCMessageWrapper_hqc_slhdsa.cc:30:
In file included from veinspqcsim/PQCMessageWrapper_hqc_slhdsa.h:26:
In file included from veinspqcsim/ApplicationLayerMessage_hqc_slhdsa_m.h:37:
In file included from ../../veins/src/veins/base/utils/Coord_m.h:39:
../../veins/src/veins/base/utils/Coord.h:337:27: warning: 'veins::Coord::info' redeclared inline; 'dllimport' attribute ignored [-Wignored-attributes]
inline std::string Coord::info() const
                          ^
In file included from veinspqcsim/PQCMessageWrapper_mlkem_slhdsa.cc:31:
In file included from veinspqcsim/PQCMessageWrapper_mlkem_slhdsa.h:26:
In file included from veinspqcsim/ApplicationLayerMessage_mlkem_slhdsa_m.h:37:
In file included from ../../veins/src/veins/base/utils/Coord_m.h:39:
../../veins/src/veins/base/utils/Coord.h:337:27: warning: 'veins::Coord::info' redeclared inline; 'dllimport' attribute ignored [-Wignored-attributes]
inline std::string Coord::info() const
                          ^
In file included from veinspqcsim/PQCRSU_mlkem_slhdsa.cc:8:
In file included from veinspqcsim/PQCRSU_mlkem_slhdsa.h:14:
In file included from ../../veins/src/veins/modules/application/ieee80211p/DemoBaseApplLayer.h:30:
In file included from ../../veins/src/veins/modules/messages/DemoServiceAdvertisement_m.h:37:
In file included from ../../veins/src/veins/base/utils/Coord_m.h:39:
../../veins/src/veins/base/utils/Coord.h:337:27: warning: 'veins::Coord::info' redeclared inline; 'dllimport' attribute ignored [-Wignored-attributes]
inline std::string Coord::info() const
                          ^
In file included from veinspqcsim/PQCMessageWrapper_mlkem_mldsa.cc:30:
In file included from veinspqcsim/PQCMessageWrapper_mlkem_mldsa.h:26:
In file included from veinspqcsim/ApplicationLayerMessage_mlkem_mldsa_m.h:37:
In file included from ../../veins/src/veins/base/utils/Coord_m.h:39:
../../veins/src/veins/base/utils/Coord.h:337:27: warning: 'veins::Coord::info' redeclared inline; 'dllimport' attribute ignored [-Wignored-attributes]
inline std::string Coord::info() const
                          ^
In file included from veinspqcsim/PQCRSU_hqc_slhdsa.cc:7:
In file included from veinspqcsim/PQCRSU_hqc_slhdsa.h:12:
In file included from ../../veins/src/veins/modules/application/ieee80211p/DemoBaseApplLayer.h:30:
In file included from ../../veins/src/veins/modules/messages/DemoServiceAdvertisement_m.h:37:
In file included from ../../veins/src/veins/base/utils/Coord_m.h:39:
../../veins/src/veins/base/utils/Coord.h:337:27: warning: 'veins::Coord::info' redeclared inline; 'dllimport' attribute ignored [-Wignored-attributes]
inline std::string Coord::info() const
                          ^
In file included from veinspqcsim/PQCBaseApplLayer_mlkem_slhdsa.cc:8:
In file included from veinspqcsim/PQCBaseApplLayer_mlkem_slhdsa.h:12:
In file included from ../../veins/src/veins/modules/application/ieee80211p/DemoBaseApplLayer.h:30:
In file included from ../../veins/src/veins/modules/messages/DemoServiceAdvertisement_m.h:37:
In file included from ../../veins/src/veins/base/utils/Coord_m.h:39:
../../veins/src/veins/base/utils/Coord.h:337:27: warning: 'veins::Coord::info' redeclared inline; 'dllimport' attribute ignored [-Wignored-attributes]
inline std::string Coord::info() const
                          ^
In file included from veinspqcsim/PQCRSU_hqc_mldsa.cc:9:
In file included from veinspqcsim/PQCRSU_hqc_mldsa.h:15:
In file included from ../../veins/src/veins/modules/application/ieee80211p/DemoBaseApplLayer.h:30:
In file included from ../../veins/src/veins/modules/messages/DemoServiceAdvertisement_m.h:37:
In file included from ../../veins/src/veins/base/utils/Coord_m.h:39:
../../veins/src/veins/base/utils/Coord.h:337:27: warning: 'veins::Coord::info' redeclared inline; 'dllimport' attribute ignored [-Wignored-attributes]
inline std::string Coord::info() const
                          ^
veinspqcsim/PQCRSUMessageWrapper_hqc_mldsa.cc
1 warning generated.
1 warning generated.
1 warning generated.
veinspqcsim/PQCRSUMessageWrapper_hqc_slhdsa.cc
veinspqcsim/PQCRSUMessageWrapper_mlkem_slhdsa.cc
1 warning generated.
veinspqcsim/PQCRSUMessageWrapper_mlkem_mldsa.cc
veinspqcsim/ApplicationLayerMessage_hqc_mldsa_m.cc
1 warning generated.
1 warning generated.
veinspqcsim/ApplicationLayerMessage_hqc_slhdsa_m.cc
1 warning generated.
veinspqcsim/ApplicationLayerMessage_mlkem_mldsa_m.cc
1 warning generated.
1 warning generated.
1 warning generated.
veinspqcsim/ApplicationLayerMessage_mlkem_slhdsa_m.cc
veinspqcsim/RSUKemPubKeyAnnouncement_hqc_slhdsa_m.cc
veinspqcsim/RSUKemPubKeyAnnouncement_hqc_mldsa_m.cc
veinspqcsim/RSUKemPubKeyAnnouncement_mlkem_mldsa_m.cc
In file included from veinspqcsim/PQCRSUMessageWrapper_hqc_mldsa.cc:8:
In file included from veinspqcsim/PQCRSUMessageWrapper_hqc_mldsa.h:27:
In file included from veinspqcsim/RSUKemPubKeyAnnouncement_hqc_mldsa_m.h:37:
In file included from ../../veins/src/veins/base/utils/Coord_m.h:39:
../../veins/src/veins/base/utils/Coord.h:337:27: warning: 'veins::Coord::info' redeclared inline; 'dllimport' attribute ignored [-Wignored-attributes]
inline std::string Coord::info() const
                          ^
1 warning generated.
veinspqcsim/RSUKemPubKeyAnnouncement_mlkem_slhdsa_m.cc
1 warning generated.
In file included from veinspqcsim/PQCRSUMessageWrapper_hqc_slhdsa.cc:7:
In file included from veinspqcsim/PQCRSUMessageWrapper_hqc_slhdsa.h:26:
In file included from veinspqcsim/RSUKemPubKeyAnnouncement_hqc_slhdsa_m.h:37:
In file included from ../../veins/src/veins/base/utils/Coord_m.h:39:
../../veins/src/veins/base/utils/Coord.h:337:27: warning: 'veins::Coord::info' redeclared inline; 'dllimport' attribute ignored [-Wignored-attributes]
inline std::string Coord::info() const
                          ^
In file included from veinspqcsim/PQCRSUMessageWrapper_mlkem_slhdsa.cc:8:
In file included from veinspqcsim/PQCRSUMessageWrapper_mlkem_slhdsa.h:26:
In file included from veinspqcsim/RSUKemPubKeyAnnouncement_mlkem_slhdsa_m.h:37:
In file included from ../../veins/src/veins/base/utils/Coord_m.h:39:
../../veins/src/veins/base/utils/Coord.h:337:27: warning: 'veins::Coord::info' redeclared inline; 'dllimport' attribute ignored [-Wignored-attributes]
inline std::string Coord::info() const
                          ^
In file included from veinspqcsim/PQCRSUMessageWrapper_mlkem_mldsa.cc:7:
In file included from veinspqcsim/PQCRSUMessageWrapper_mlkem_mldsa.h:26:
In file included from veinspqcsim/RSUKemPubKeyAnnouncement_mlkem_mldsa_m.h:37:
In file included from ../../veins/src/veins/base/utils/Coord_m.h:39:
../../veins/src/veins/base/utils/Coord.h:337:27: warning: 'veins::Coord::info' redeclared inline; 'dllimport' attribute ignored [-Wignored-attributes]
inline std::string Coord::info() const
                          ^
In file included from veinspqcsim/ApplicationLayerMessage_hqc_mldsa_m.cc:31:
In file included from veinspqcsim/ApplicationLayerMessage_hqc_mldsa_m.h:37:
In file included from ../../veins/src/veins/base/utils/Coord_m.h:39:
../../veins/src/veins/base/utils/Coord.h:337:27: warning: 'veins::Coord::info' redeclared inline; 'dllimport' attribute ignored [-Wignored-attributes]
inline std::string Coord::info() const
                          ^
1 warning generated.
1 warning generated.
1 warning generated.
In file included from veinspqcsim/ApplicationLayerMessage_hqc_slhdsa_m.cc:31:
In file included from veinspqcsim/ApplicationLayerMessage_hqc_slhdsa_m.h:37:
In file included from ../../veins/src/veins/base/utils/Coord_m.h:39:
../../veins/src/veins/base/utils/Coord.h:337:27: warning: 'veins::Coord::info' redeclared inline; 'dllimport' attribute ignored [-Wignored-attributes]
inline std::string Coord::info() const
                          ^
In file included from veinspqcsim/ApplicationLayerMessage_mlkem_mldsa_m.cc:31:
In file included from veinspqcsim/ApplicationLayerMessage_mlkem_mldsa_m.h:37:
In file included from ../../veins/src/veins/base/utils/Coord_m.h:39:
../../veins/src/veins/base/utils/Coord.h:337:27: warning: 'veins::Coord::info' redeclared inline; 'dllimport' attribute ignored [-Wignored-attributes]
inline std::string Coord::info() const
                          ^
In file included from veinspqcsim/ApplicationLayerMessage_mlkem_slhdsa_m.cc:31:
In file included from veinspqcsim/ApplicationLayerMessage_mlkem_slhdsa_m.h:37:
In file included from ../../veins/src/veins/base/utils/Coord_m.h:39:
../../veins/src/veins/base/utils/Coord.h:337:27: warning: 'veins::Coord::info' redeclared inline; 'dllimport' attribute ignored [-Wignored-attributes]
inline std::string Coord::info() const
                          ^
In file included from veinspqcsim/RSUKemPubKeyAnnouncement_hqc_slhdsa_m.cc:31:
In file included from veinspqcsim/RSUKemPubKeyAnnouncement_hqc_slhdsa_m.h:37:
In file included from ../../veins/src/veins/base/utils/Coord_m.h:39:
../../veins/src/veins/base/utils/Coord.h:337:27: warning: 'veins::Coord::info' redeclared inline; 'dllimport' attribute ignored [-Wignored-attributes]
inline std::string Coord::info() const
                          ^
In file included from veinspqcsim/RSUKemPubKeyAnnouncement_hqc_mldsa_m.cc:31:
In file included from veinspqcsim/RSUKemPubKeyAnnouncement_hqc_mldsa_m.h:37:
In file included from ../../veins/src/veins/base/utils/Coord_m.h:39:
../../veins/src/veins/base/utils/Coord.h:337:27: warning: 'veins::Coord::info' redeclared inline; 'dllimport' attribute ignored [-Wignored-attributes]
inline std::string Coord::info() const
                          ^
1 warning generated.
In file included from veinspqcsim/RSUKemPubKeyAnnouncement_mlkem_mldsa_m.cc:31:
In file included from veinspqcsim/RSUKemPubKeyAnnouncement_mlkem_mldsa_m.h:37:
In file included from ../../veins/src/veins/base/utils/Coord_m.h:39:
../../veins/src/veins/base/utils/Coord.h:337:27: warning: 'veins::Coord::info' redeclared inline; 'dllimport' attribute ignored [-Wignored-attributes]
inline std::string Coord::info() const
                          ^
In file included from veinspqcsim/RSUKemPubKeyAnnouncement_mlkem_slhdsa_m.cc:31:
In file included from veinspqcsim/RSUKemPubKeyAnnouncement_mlkem_slhdsa_m.h:37:
In file included from ../../veins/src/veins/base/utils/Coord_m.h:39:
../../veins/src/veins/base/utils/Coord.h:337:27: warning: 'veins::Coord::info' redeclared inline; 'dllimport' attribute ignored [-Wignored-attributes]
inline std::string Coord::info() const
                          ^
1 warning generated.
1 warning generated.
1 warning generated.
1 warning generated.
1 warning generated.
1 warning generated.
1 warning generated.
Creating shared library: ../out/clang-release/src/libveinspqcsim.dll
ld.lld: warning: duplicate symbol: .refptr._ZTIDn
>>> defined at ../out/clang-release/src/veinspqcsim/ApplicationLayerMessage_hqc_mldsa_m.o
>>> defined at libveins.dll

ld.lld: warning: duplicate symbol: .refptr._ZTIPl
>>> defined at ../out/clang-release/src/veinspqcsim/ApplicationLayerMessage_hqc_mldsa_m.o
>>> defined at libveins.dll

ld.lld: warning: duplicate symbol: typeinfo for veins::BaseModule
>>> defined at ../out/clang-release/src/veinspqcsim/PQCBaseApplLayer_hqc_mldsa.o
>>> defined at libveins.dll

ld.lld: warning: duplicate symbol: typeinfo for veins::BaseApplLayer
>>> defined at ../out/clang-release/src/veinspqcsim/PQCBaseApplLayer_hqc_mldsa.o
>>> defined at libveins.dll

ld.lld: warning: duplicate symbol: typeinfo for veins::BatteryAccess
>>> defined at ../out/clang-release/src/veinspqcsim/PQCBaseApplLayer_hqc_mldsa.o
>>> defined at libveins.dll

ld.lld: warning: duplicate symbol: typeinfo for veins::BaseFrame1609_4
>>> defined at ../out/clang-release/src/veinspqcsim/PQCBaseApplLayer_hqc_mldsa.o
>>> defined at libveins.dll

ld.lld: warning: duplicate symbol: typeinfo for veins::DemoBaseApplLayer
>>> defined at ../out/clang-release/src/veinspqcsim/PQCBaseApplLayer_hqc_mldsa.o
>>> defined at libveins.dll

ld.lld: warning: duplicate symbol: typeinfo for veins::BaseLayer
>>> defined at ../out/clang-release/src/veinspqcsim/PQCBaseApplLayer_hqc_mldsa.o
>>> defined at libveins.dll

ld.lld: warning: duplicate symbol: typeinfo for omnetpp::cComponent
>>> defined at ../out/clang-release/src/veinspqcsim/PQCBaseApplLayer_hqc_mldsa.o
>>> defined at libveins.dll

ld.lld: warning: duplicate symbol: typeinfo for omnetpp::cException
>>> defined at ../out/clang-release/src/veinspqcsim/PQCBaseApplLayer_hqc_mldsa.o
>>> defined at libveins.dll

ld.lld: warning: duplicate symbol: typeinfo for omnetpp::cIListener
>>> defined at ../out/clang-release/src/veinspqcsim/PQCBaseApplLayer_hqc_mldsa.o
>>> defined at libveins.dll

ld.lld: warning: duplicate symbol: typeinfo for omnetpp::cSoftOwner
>>> defined at ../out/clang-release/src/veinspqcsim/PQCBaseApplLayer_hqc_mldsa.o
>>> defined at libveins.dll

ld.lld: warning: duplicate symbol: typeinfo for omnetpp::noncopyable
>>> defined at ../out/clang-release/src/veinspqcsim/PQCBaseApplLayer_hqc_mldsa.o
>>> defined at libveins.dll

ld.lld: warning: duplicate symbol: typeinfo for omnetpp::cNamedObject
>>> defined at ../out/clang-release/src/veinspqcsim/PQCBaseApplLayer_hqc_mldsa.o
>>> defined at libveins.dll

ld.lld: warning: duplicate symbol: typeinfo for omnetpp::cOwnedObject
>>> defined at ../out/clang-release/src/veinspqcsim/PQCBaseApplLayer_hqc_mldsa.o
>>> defined at libveins.dll

ld.lld: warning: duplicate symbol: typeinfo for omnetpp::cRuntimeError
>>> defined at ../out/clang-release/src/veinspqcsim/PQCBaseApplLayer_hqc_mldsa.o
>>> defined at libveins.dll

ld.lld: warning: duplicate symbol: typeinfo for omnetpp::cSimpleModule
>>> defined at ../out/clang-release/src/veinspqcsim/PQCBaseApplLayer_hqc_mldsa.o
>>> defined at libveins.dll

ld.lld: warning: duplicate symbol: typeinfo for omnetpp::cClassDescriptor
>>> defined at ../out/clang-release/src/veinspqcsim/ApplicationLayerMessage_hqc_mldsa_m.o
>>> defined at libveins.dll

ld.lld: warning: duplicate symbol: typeinfo for omnetpp::cNoncopyableOwnedObject
>>> defined at ../out/clang-release/src/veinspqcsim/PQCBaseApplLayer_hqc_mldsa.o
>>> defined at libveins.dll

ld.lld: warning: duplicate symbol: typeinfo for omnetpp::cEvent
>>> defined at ../out/clang-release/src/veinspqcsim/PQCBaseApplLayer_hqc_mldsa.o
>>> defined at libveins.dll

ld.lld: warning: duplicate symbol: typeinfo for omnetpp::cModule
>>> defined at ../out/clang-release/src/veinspqcsim/PQCBaseApplLayer_hqc_mldsa.o
>>> defined at libveins.dll

ld.lld: warning: duplicate symbol: typeinfo for omnetpp::cObject
>>> defined at ../out/clang-release/src/veinspqcsim/PQCBaseApplLayer_hqc_mldsa.o
>>> defined at libveins.dll

ld.lld: warning: duplicate symbol: typeinfo for omnetpp::cPacket
>>> defined at ../out/clang-release/src/veinspqcsim/PQCBaseApplLayer_hqc_mldsa.o
>>> defined at libveins.dll

ld.lld: warning: duplicate symbol: typeinfo for omnetpp::cMessage
>>> defined at ../out/clang-release/src/veinspqcsim/PQCBaseApplLayer_hqc_mldsa.o
>>> defined at libveins.dll

ld.lld: warning: duplicate symbol: typeinfo for omnetpp::cListener
>>> defined at ../out/clang-release/src/veinspqcsim/PQCBaseApplLayer_hqc_mldsa.o
>>> defined at libveins.dll

ld.lld: warning: duplicate symbol: typeinfo for omnetpp::cObject*
>>> defined at ../out/clang-release/src/veinspqcsim/ApplicationLayerMessage_hqc_mldsa_m.o
>>> defined at libveins.dll

ld.lld: warning: duplicate symbol: typeinfo for std::exception
>>> defined at ../out/clang-release/src/veinspqcsim/PQCBaseApplLayer_hqc_mldsa.o
>>> defined at libveins.dll

ld.lld: warning: duplicate symbol: non-virtual thunk to veins::BaseModule::finish(omnetpp::cComponent*, int)
>>> defined at ../out/clang-release/src/veinspqcsim/PQCBaseApplLayer_hqc_mldsa.o
>>> defined at libveins.dll
make[1]: Leaving directory '/b/Omnet/vPQC-omn603/veinspqcsim/veinspqcsim/src'
