23:47:27 **** Build of configuration release for project veinspqcsim ****
make MODE=release -j12 all 
make[1]: Entering directory '/b/Omnet/vPQC-omn603/veinspqcsim/veinspqcsim/src'
MSGC: veinspqcsim/ApplicationLayerMessage_hqc_mldsa.msg
MSGC: veinspqcsim/ApplicationLayerMessage_hqc_slhdsa.msg
MSGC: veinspqcsim/ApplicationLayerMessage_mlkem_slhdsa.msg
MSGC: veinspqcsim/ApplicationLayerMessage_mlkem_mldsa.msg
MSGC: veinspqcsim/RSUKemPubKeyAnnouncement_hqc_mldsa.msg
MSGC: veinspqcsim/RSUKemPubKeyAnnouncement_mlkem_mldsa.msg
MSGC: veinspqcsim/RSUKemPubKeyAnnouncement_hqc_slhdsa.msg
MSGC: veinspqcsim/RSUKemPubKeyAnnouncement_mlkem_slhdsa.msg
veinspqcsim/PQCBaseApplLayer_hqc_mldsa.cc
veinspqcsim/PQCBaseApplLayer_hqc_slhdsa.cc
veinspqcsim/PQCMessageWrapper_hqc_mldsa.cc
veinspqcsim/PQCBaseApplLayer_mlkem_mldsa.cc
veinspqcsim/PQCBaseApplLayer_mlkem_slhdsa.cc
veinspqcsim/PQCRSU_hqc_slhdsa.cc
veinspqcsim/PQCRSU_mlkem_slhdsa.cc
veinspqcsim/PQCMessageWrapper_hqc_slhdsa.cc
veinspqcsim/PQCMessageWrapper_mlkem_mldsa.cc
veinspqcsim/PQCMessageWrapper_mlkem_slhdsa.cc
veinspqcsim/PQCRSU_hqc_mldsa.cc
veinspqcsim/PQCRSU_mlkem_mldsa.cc
In file included from veinspqcsim/PQCBaseApplLayer_hqc_mldsa.cc:9:
In file included from veinspqcsim/PQCBaseApplLayer_hqc_mldsa.h:14:
In file included from ../../veins/src/veins/modules/application/ieee80211p/DemoBaseApplLayer.h:30:
In file included from ../../veins/src/veins/modules/messages/DemoServiceAdvertisement_m.h:37:
In file included from ../../veins/src/veins/base/utils/Coord_m.h:39:
../../veins/src/veins/base/utils/Coord.h:337:27: warning: 'veins::Coord::info' redeclared inline; 'dllimport' attribute ignored [-Wignored-attributes]
inline std::string Coord::info() const
                          ^
In file included from veinspqcsim/PQCRSU_mlkem_mldsa.cc:7:
In file included from veinspqcsim/PQCRSU_mlkem_mldsa.h:10:
In file included from ../../veins/src/veins/modules/application/ieee80211p/DemoBaseApplLayer.h:30:
In file included from ../../veins/src/veins/modules/messages/DemoServiceAdvertisement_m.h:37:
In file included from ../../veins/src/veins/base/utils/Coord_m.h:39:
../../veins/src/veins/base/utils/Coord.h:337:27: warning: 'veins::Coord::info' redeclared inline; 'dllimport' attribute ignored [-Wignored-attributes]
inline std::string Coord::info() const
                          ^
In file included from veinspqcsim/PQCBaseApplLayer_hqc_slhdsa.cc:9:
In file included from veinspqcsim/PQCBaseApplLayer_hqc_slhdsa.h:11:
In file included from ../../veins/src/veins/modules/application/ieee80211p/DemoBaseApplLayer.h:30:
In file included from ../../veins/src/veins/modules/messages/DemoServiceAdvertisement_m.h:37:
In file included from ../../veins/src/veins/base/utils/Coord_m.h:39:
../../veins/src/veins/base/utils/Coord.h:337:27: warning: 'veins::Coord::info' redeclared inline; 'dllimport' attribute ignored [-Wignored-attributes]
inline std::string Coord::info() const
                          ^
In file included from veinspqcsim/PQCMessageWrapper_hqc_mldsa.cc:31:
In file included from veinspqcsim/PQCMessageWrapper_hqc_mldsa.h:27:
In file included from veinspqcsim/ApplicationLayerMessage_hqc_mldsa_m.h:37:
In file included from ../../veins/src/veins/base/utils/Coord_m.h:39:
../../veins/src/veins/base/utils/Coord.h:337:27: warning: 'veins::Coord::info' redeclared inline; 'dllimport' attribute ignored [-Wignored-attributes]
inline std::string Coord::info() const
                          ^
In file included from veinspqcsim/PQCBaseApplLayer_mlkem_mldsa.cc:13:
In file included from veinspqcsim/PQCBaseApplLayer_mlkem_mldsa.h:11:
In file included from ../../veins/src/veins/modules/application/ieee80211p/DemoBaseApplLayer.h:30:
In file included from ../../veins/src/veins/modules/messages/DemoServiceAdvertisement_m.h:37:
In file included from ../../veins/src/veins/base/utils/Coord_m.h:39:
../../veins/src/veins/base/utils/Coord.h:337:27: warning: 'veins::Coord::info' redeclared inline; 'dllimport' attribute ignored [-Wignored-attributes]
inline std::string Coord::info() const
                          ^
1 warning generated.
In file included from veinspqcsim/PQCMessageWrapper_hqc_slhdsa.cc:30:
In file included from veinspqcsim/PQCMessageWrapper_hqc_slhdsa.h:26:
In file included from veinspqcsim/ApplicationLayerMessage_hqc_slhdsa_m.h:37:
In file included from ../../veins/src/veins/base/utils/Coord_m.h:39:
../../veins/src/veins/base/utils/Coord.h:337:27: warning: 'veins::Coord::info' redeclared inline; 'dllimport' attribute ignored [-Wignored-attributes]
inline std::string Coord::info() const
                          ^
In file included from veinspqcsim/PQCMessageWrapper_mlkem_slhdsa.cc:31:
In file included from veinspqcsim/PQCMessageWrapper_mlkem_slhdsa.h:26:
In file included from veinspqcsim/ApplicationLayerMessage_mlkem_slhdsa_m.h:37:
In file included from ../../veins/src/veins/base/utils/Coord_m.h:39:
../../veins/src/veins/base/utils/Coord.h:337:27: warning: 'veins::Coord::info' redeclared inline; 'dllimport' attribute ignored [-Wignored-attributes]
inline std::string Coord::info() const
                          ^
In file included from veinspqcsim/PQCRSU_mlkem_slhdsa.cc:8:
In file included from veinspqcsim/PQCRSU_mlkem_slhdsa.h:14:
In file included from ../../veins/src/veins/modules/application/ieee80211p/DemoBaseApplLayer.h:30:
In file included from ../../veins/src/veins/modules/messages/DemoServiceAdvertisement_m.h:37:
In file included from ../../veins/src/veins/base/utils/Coord_m.h:39:
../../veins/src/veins/base/utils/Coord.h:337:27: warning: 'veins::Coord::info' redeclared inline; 'dllimport' attribute ignored [-Wignored-attributes]
inline std::string Coord::info() const
                          ^
In file included from veinspqcsim/PQCMessageWrapper_mlkem_mldsa.cc:30:
In file included from veinspqcsim/PQCMessageWrapper_mlkem_mldsa.h:26:
In file included from veinspqcsim/ApplicationLayerMessage_mlkem_mldsa_m.h:37:
In file included from ../../veins/src/veins/base/utils/Coord_m.h:39:
../../veins/src/veins/base/utils/Coord.h:337:27: warning: 'veins::Coord::info' redeclared inline; 'dllimport' attribute ignored [-Wignored-attributes]
inline std::string Coord::info() const
                          ^
In file included from veinspqcsim/PQCRSU_hqc_slhdsa.cc:7:
In file included from veinspqcsim/PQCRSU_hqc_slhdsa.h:12:
In file included from ../../veins/src/veins/modules/application/ieee80211p/DemoBaseApplLayer.h:30:
In file included from ../../veins/src/veins/modules/messages/DemoServiceAdvertisement_m.h:37:
In file included from ../../veins/src/veins/base/utils/Coord_m.h:39:
../../veins/src/veins/base/utils/Coord.h:337:27: warning: 'veins::Coord::info' redeclared inline; 'dllimport' attribute ignored [-Wignored-attributes]
inline std::string Coord::info() const
                          ^
In file included from veinspqcsim/PQCBaseApplLayer_mlkem_slhdsa.cc:8:
In file included from veinspqcsim/PQCBaseApplLayer_mlkem_slhdsa.h:12:
In file included from ../../veins/src/veins/modules/application/ieee80211p/DemoBaseApplLayer.h:30:
In file included from ../../veins/src/veins/modules/messages/DemoServiceAdvertisement_m.h:37:
In file included from ../../veins/src/veins/base/utils/Coord_m.h:39:
../../veins/src/veins/base/utils/Coord.h:337:27: warning: 'veins::Coord::info' redeclared inline; 'dllimport' attribute ignored [-Wignored-attributes]
inline std::string Coord::info() const
                          ^
In file included from veinspqcsim/PQCRSU_hqc_mldsa.cc:9:
In file included from veinspqcsim/PQCRSU_hqc_mldsa.h:15:
In file included from ../../veins/src/veins/modules/application/ieee80211p/DemoBaseApplLayer.h:30:
In file included from ../../veins/src/veins/modules/messages/DemoServiceAdvertisement_m.h:37:
In file included from ../../veins/src/veins/base/utils/Coord_m.h:39:
../../veins/src/veins/base/utils/Coord.h:337:27: warning: 'veins::Coord::info' redeclared inline; 'dllimport' attribute ignored [-Wignored-attributes]
inline std::string Coord::info() const
                          ^
veinspqcsim/PQCRSUMessageWrapper_hqc_mldsa.cc
1 warning generated.
1 warning generated.
1 warning generated.
veinspqcsim/PQCRSUMessageWrapper_hqc_slhdsa.cc
veinspqcsim/PQCRSUMessageWrapper_mlkem_slhdsa.cc
1 warning generated.
veinspqcsim/PQCRSUMessageWrapper_mlkem_mldsa.cc
veinspqcsim/ApplicationLayerMessage_hqc_mldsa_m.cc
1 warning generated.
1 warning generated.
veinspqcsim/ApplicationLayerMessage_hqc_slhdsa_m.cc
1 warning generated.
veinspqcsim/ApplicationLayerMessage_mlkem_mldsa_m.cc
1 warning generated.
1 warning generated.
1 warning generated.
veinspqcsim/ApplicationLayerMessage_mlkem_slhdsa_m.cc
veinspqcsim/RSUKemPubKeyAnnouncement_hqc_slhdsa_m.cc
veinspqcsim/RSUKemPubKeyAnnouncement_hqc_mldsa_m.cc
veinspqcsim/RSUKemPubKeyAnnouncement_mlkem_mldsa_m.cc
In file included from veinspqcsim/PQCRSUMessageWrapper_hqc_mldsa.cc:8:
In file included from veinspqcsim/PQCRSUMessageWrapper_hqc_mldsa.h:27:
In file included from veinspqcsim/RSUKemPubKeyAnnouncement_hqc_mldsa_m.h:37:
In file included from ../../veins/src/veins/base/utils/Coord_m.h:39:
../../veins/src/veins/base/utils/Coord.h:337:27: warning: 'veins::Coord::info' redeclared inline; 'dllimport' attribute ignored [-Wignored-attributes]
inline std::string Coord::info() const
                          ^
1 warning generated.
veinspqcsim/RSUKemPubKeyAnnouncement_mlkem_slhdsa_m.cc
1 warning generated.
In file included from veinspqcsim/PQCRSUMessageWrapper_hqc_slhdsa.cc:7:
In file included from veinspqcsim/PQCRSUMessageWrapper_hqc_slhdsa.h:26:
In file included from veinspqcsim/RSUKemPubKeyAnnouncement_hqc_slhdsa_m.h:37:
In file included from ../../veins/src/veins/base/utils/Coord_m.h:39:
../../veins/src/veins/base/utils/Coord.h:337:27: warning: 'veins::Coord::info' redeclared inline; 'dllimport' attribute ignored [-Wignored-attributes]
inline std::string Coord::info() const
                          ^
In file included from veinspqcsim/PQCRSUMessageWrapper_mlkem_slhdsa.cc:8:
In file included from veinspqcsim/PQCRSUMessageWrapper_mlkem_slhdsa.h:26:
In file included from veinspqcsim/RSUKemPubKeyAnnouncement_mlkem_slhdsa_m.h:37:
In file included from ../../veins/src/veins/base/utils/Coord_m.h:39:
../../veins/src/veins/base/utils/Coord.h:337:27: warning: 'veins::Coord::info' redeclared inline; 'dllimport' attribute ignored [-Wignored-attributes]
inline std::string Coord::info() const
                          ^
In file included from veinspqcsim/PQCRSUMessageWrapper_mlkem_mldsa.cc:7:
In file included from veinspqcsim/PQCRSUMessageWrapper_mlkem_mldsa.h:26:
In file included from veinspqcsim/RSUKemPubKeyAnnouncement_mlkem_mldsa_m.h:37:
In file included from ../../veins/src/veins/base/utils/Coord_m.h:39:
../../veins/src/veins/base/utils/Coord.h:337:27: warning: 'veins::Coord::info' redeclared inline; 'dllimport' attribute ignored [-Wignored-attributes]
inline std::string Coord::info() const
                          ^
In file included from veinspqcsim/ApplicationLayerMessage_hqc_mldsa_m.cc:31:
In file included from veinspqcsim/ApplicationLayerMessage_hqc_mldsa_m.h:37:
In file included from ../../veins/src/veins/base/utils/Coord_m.h:39:
../../veins/src/veins/base/utils/Coord.h:337:27: warning: 'veins::Coord::info' redeclared inline; 'dllimport' attribute ignored [-Wignored-attributes]
inline std::string Coord::info() const
                          ^
1 warning generated.
1 warning generated.
1 warning generated.
In file included from veinspqcsim/ApplicationLayerMessage_hqc_slhdsa_m.cc:31:
In file included from veinspqcsim/ApplicationLayerMessage_hqc_slhdsa_m.h:37:
In file included from ../../veins/src/veins/base/utils/Coord_m.h:39:
../../veins/src/veins/base/utils/Coord.h:337:27: warning: 'veins::Coord::info' redeclared inline; 'dllimport' attribute ignored [-Wignored-attributes]
inline std::string Coord::info() const
                          ^
In file included from veinspqcsim/ApplicationLayerMessage_mlkem_mldsa_m.cc:31:
In file included from veinspqcsim/ApplicationLayerMessage_mlkem_mldsa_m.h:37:
In file included from ../../veins/src/veins/base/utils/Coord_m.h:39:
../../veins/src/veins/base/utils/Coord.h:337:27: warning: 'veins::Coord::info' redeclared inline; 'dllimport' attribute ignored [-Wignored-attributes]
inline std::string Coord::info() const
                          ^
In file included from veinspqcsim/ApplicationLayerMessage_mlkem_slhdsa_m.cc:31:
In file included from veinspqcsim/ApplicationLayerMessage_mlkem_slhdsa_m.h:37:
In file included from ../../veins/src/veins/base/utils/Coord_m.h:39:
../../veins/src/veins/base/utils/Coord.h:337:27: warning: 'veins::Coord::info' redeclared inline; 'dllimport' attribute ignored [-Wignored-attributes]
inline std::string Coord::info() const
                          ^
In file included from veinspqcsim/RSUKemPubKeyAnnouncement_hqc_slhdsa_m.cc:31:
In file included from veinspqcsim/RSUKemPubKeyAnnouncement_hqc_slhdsa_m.h:37:
In file included from ../../veins/src/veins/base/utils/Coord_m.h:39:
../../veins/src/veins/base/utils/Coord.h:337:27: warning: 'veins::Coord::info' redeclared inline; 'dllimport' attribute ignored [-Wignored-attributes]
inline std::string Coord::info() const
                          ^
In file included from veinspqcsim/RSUKemPubKeyAnnouncement_hqc_mldsa_m.cc:31:
In file included from veinspqcsim/RSUKemPubKeyAnnouncement_hqc_mldsa_m.h:37:
In file included from ../../veins/src/veins/base/utils/Coord_m.h:39:
../../veins/src/veins/base/utils/Coord.h:337:27: warning: 'veins::Coord::info' redeclared inline; 'dllimport' attribute ignored [-Wignored-attributes]
inline std::string Coord::info() const
                          ^
1 warning generated.
In file included from veinspqcsim/RSUKemPubKeyAnnouncement_mlkem_mldsa_m.cc:31:
In file included from veinspqcsim/RSUKemPubKeyAnnouncement_mlkem_mldsa_m.h:37:
In file included from ../../veins/src/veins/base/utils/Coord_m.h:39:
../../veins/src/veins/base/utils/Coord.h:337:27: warning: 'veins::Coord::info' redeclared inline; 'dllimport' attribute ignored [-Wignored-attributes]
inline std::string Coord::info() const
                          ^
In file included from veinspqcsim/RSUKemPubKeyAnnouncement_mlkem_slhdsa_m.cc:31:
In file included from veinspqcsim/RSUKemPubKeyAnnouncement_mlkem_slhdsa_m.h:37:
In file included from ../../veins/src/veins/base/utils/Coord_m.h:39:
../../veins/src/veins/base/utils/Coord.h:337:27: warning: 'veins::Coord::info' redeclared inline; 'dllimport' attribute ignored [-Wignored-attributes]
inline std::string Coord::info() const
                          ^
1 warning generated.
1 warning generated.
1 warning generated.
1 warning generated.
1 warning generated.
1 warning generated.
1 warning generated.
Creating shared library: ../out/clang-release/src/libveinspqcsim.dll
ld.lld: warning: duplicate symbol: .refptr._ZTIDn
>>> defined at ../out/clang-release/src/veinspqcsim/ApplicationLayerMessage_hqc_mldsa_m.o
>>> defined at libveins.dll

ld.lld: warning: duplicate symbol: .refptr._ZTIPl
>>> defined at ../out/clang-release/src/veinspqcsim/ApplicationLayerMessage_hqc_mldsa_m.o
>>> defined at libveins.dll

ld.lld: warning: duplicate symbol: typeinfo for veins::BaseModule
>>> defined at ../out/clang-release/src/veinspqcsim/PQCBaseApplLayer_hqc_mldsa.o
>>> defined at libveins.dll

ld.lld: warning: duplicate symbol: typeinfo for veins::BaseApplLayer
>>> defined at ../out/clang-release/src/veinspqcsim/PQCBaseApplLayer_hqc_mldsa.o
>>> defined at libveins.dll

ld.lld: warning: duplicate symbol: typeinfo for veins::BatteryAccess
>>> defined at ../out/clang-release/src/veinspqcsim/PQCBaseApplLayer_hqc_mldsa.o
>>> defined at libveins.dll

ld.lld: warning: duplicate symbol: typeinfo for veins::BaseFrame1609_4
>>> defined at ../out/clang-release/src/veinspqcsim/PQCBaseApplLayer_hqc_mldsa.o
>>> defined at libveins.dll

ld.lld: warning: duplicate symbol: typeinfo for veins::DemoBaseApplLayer
>>> defined at ../out/clang-release/src/veinspqcsim/PQCBaseApplLayer_hqc_mldsa.o
>>> defined at libveins.dll

ld.lld: warning: duplicate symbol: typeinfo for veins::BaseLayer
>>> defined at ../out/clang-release/src/veinspqcsim/PQCBaseApplLayer_hqc_mldsa.o
>>> defined at libveins.dll

ld.lld: warning: duplicate symbol: typeinfo for omnetpp::cComponent
>>> defined at ../out/clang-release/src/veinspqcsim/PQCBaseApplLayer_hqc_mldsa.o
>>> defined at libveins.dll

ld.lld: warning: duplicate symbol: typeinfo for omnetpp::cException
>>> defined at ../out/clang-release/src/veinspqcsim/PQCBaseApplLayer_hqc_mldsa.o
>>> defined at libveins.dll

ld.lld: warning: duplicate symbol: typeinfo for omnetpp::cIListener
>>> defined at ../out/clang-release/src/veinspqcsim/PQCBaseApplLayer_hqc_mldsa.o
>>> defined at libveins.dll

ld.lld: warning: duplicate symbol: typeinfo for omnetpp::cSoftOwner
>>> defined at ../out/clang-release/src/veinspqcsim/PQCBaseApplLayer_hqc_mldsa.o
>>> defined at libveins.dll

ld.lld: warning: duplicate symbol: typeinfo for omnetpp::noncopyable
>>> defined at ../out/clang-release/src/veinspqcsim/PQCBaseApplLayer_hqc_mldsa.o
>>> defined at libveins.dll

ld.lld: warning: duplicate symbol: typeinfo for omnetpp::cNamedObject
>>> defined at ../out/clang-release/src/veinspqcsim/PQCBaseApplLayer_hqc_mldsa.o
>>> defined at libveins.dll

ld.lld: warning: duplicate symbol: typeinfo for omnetpp::cOwnedObject
>>> defined at ../out/clang-release/src/veinspqcsim/PQCBaseApplLayer_hqc_mldsa.o
>>> defined at libveins.dll

ld.lld: warning: duplicate symbol: typeinfo for omnetpp::cRuntimeError
>>> defined at ../out/clang-release/src/veinspqcsim/PQCBaseApplLayer_hqc_mldsa.o
>>> defined at libveins.dll

ld.lld: warning: duplicate symbol: typeinfo for omnetpp::cSimpleModule
>>> defined at ../out/clang-release/src/veinspqcsim/PQCBaseApplLayer_hqc_mldsa.o
>>> defined at libveins.dll

ld.lld: warning: duplicate symbol: typeinfo for omnetpp::cClassDescriptor
>>> defined at ../out/clang-release/src/veinspqcsim/ApplicationLayerMessage_hqc_mldsa_m.o
>>> defined at libveins.dll

ld.lld: warning: duplicate symbol: typeinfo for omnetpp::cNoncopyableOwnedObject
>>> defined at ../out/clang-release/src/veinspqcsim/PQCBaseApplLayer_hqc_mldsa.o
>>> defined at libveins.dll

ld.lld: warning: duplicate symbol: typeinfo for omnetpp::cEvent
>>> defined at ../out/clang-release/src/veinspqcsim/PQCBaseApplLayer_hqc_mldsa.o
>>> defined at libveins.dll

ld.lld: warning: duplicate symbol: typeinfo for omnetpp::cModule
>>> defined at ../out/clang-release/src/veinspqcsim/PQCBaseApplLayer_hqc_mldsa.o
>>> defined at libveins.dll

ld.lld: warning: duplicate symbol: typeinfo for omnetpp::cObject
>>> defined at ../out/clang-release/src/veinspqcsim/PQCBaseApplLayer_hqc_mldsa.o
>>> defined at libveins.dll

ld.lld: warning: duplicate symbol: typeinfo for omnetpp::cPacket
>>> defined at ../out/clang-release/src/veinspqcsim/PQCBaseApplLayer_hqc_mldsa.o
>>> defined at libveins.dll

ld.lld: warning: duplicate symbol: typeinfo for omnetpp::cMessage
>>> defined at ../out/clang-release/src/veinspqcsim/PQCBaseApplLayer_hqc_mldsa.o
>>> defined at libveins.dll

ld.lld: warning: duplicate symbol: typeinfo for omnetpp::cListener
>>> defined at ../out/clang-release/src/veinspqcsim/PQCBaseApplLayer_hqc_mldsa.o
>>> defined at libveins.dll

ld.lld: warning: duplicate symbol: typeinfo for omnetpp::cObject*
>>> defined at ../out/clang-release/src/veinspqcsim/ApplicationLayerMessage_hqc_mldsa_m.o
>>> defined at libveins.dll

ld.lld: warning: duplicate symbol: typeinfo for std::exception
>>> defined at ../out/clang-release/src/veinspqcsim/PQCBaseApplLayer_hqc_mldsa.o
>>> defined at libveins.dll

ld.lld: warning: duplicate symbol: non-virtual thunk to veins::BaseModule::finish(omnetpp::cComponent*, int)
>>> defined at ../out/clang-release/src/veinspqcsim/PQCBaseApplLayer_hqc_mldsa.o
>>> defined at libveins.dll
make[1]: Leaving directory '/b/Omnet/vPQC-omn603/veinspqcsim/veinspqcsim/src'

23:47:39 Build Finished. 0 errors, 24 warnings. (took 12s.7ms)

